2026-09-17 00:56:49 | [INFO   ] | Логгер успешно сконфигурирован
2026-09-17 00:56:49 | [INFO   ] | Приложение запущено
2026-09-17 00:56:49 | [INFO   ] | Запрос: A=3, B=4, C=5
2026-09-17 00:56:49 | [DEBUG  ] | Числа получены: a=3.0, b=4.0, c=5.0
2026-09-17 00:56:49 | [DEBUG  ] | Координаты вершин: [(0, 0), (100, 0), (64, 48)]
2026-09-17 00:56:49 | [INFO   ] | Результат: разносторонний, вершины [(0, 0), (100, 0), (64, 48)]
2026-09-17 00:56:49 | [INFO   ] | Запрос: A=5, B=5, C=5
2026-09-17 00:56:49 | [DEBUG  ] | Числа получены: a=5.0, b=5.0, c=5.0
2026-09-17 00:56:49 | [DEBUG  ] | Координаты вершин: [(0, 0), (100, 0), (50, 87)]
2026-09-17 00:56:49 | [INFO   ] | Результат: равносторонний, вершины [(0, 0), (100, 0), (50, 87)]
2026-09-17 00:56:49 | [INFO   ] | Запрос: A=5, B=5, C=8
2026-09-17 00:56:49 | [DEBUG  ] | Числа получены: a=5.0, b=5.0, c=8.0
2026-09-17 00:56:49 | [DEBUG  ] | Координаты вершин: [(0, 0), (100, 0), (50, 38)]
2026-09-17 00:56:49 | [INFO   ] | Результат: равнобедренный, вершины [(0, 0), (100, 0), (50, 38)]
2026-09-17 00:56:49 | [INFO   ] | Запрос: A=7, B=3, C=5
2026-09-17 00:56:49 | [DEBUG  ] | Числа получены: a=7.0, b=3.0, c=5.0
2026-09-17 00:56:49 | [DEBUG  ] | Координаты вершин: [(23, 0), (100, 0), (0, 40)]
2026-09-17 00:56:49 | [INFO   ] | Результат: разносторонний, вершины [(23, 0), (100, 0), (0, 40)]
2026-09-17 00:56:49 | [INFO   ] | Запрос: A=1, B=2, C=10
2026-09-17 00:56:49 | [DEBUG  ] | Числа получены: a=1.0, b=2.0, c=10.0
2026-09-17 00:56:49 | [WARNING] | Неравенство треугольника не выполняется
2026-09-17 00:56:49 | [INFO   ] | Запрос: A=-3, B=4, C=5
2026-09-17 00:56:49 | [DEBUG  ] | Числа получены: a=-3.0, b=4.0, c=5.0
2026-09-17 00:56:49 | [ERROR  ] | Стороны должны быть положительными числами
2026-09-17 00:56:49 | [INFO   ] | Запрос: A=abc, B=4, C=5
2026-09-17 00:56:49 | [ERROR  ] | Введены нечисловые данные
2026-09-17 00:56:49 | [ERROR  ] | Заход в блок обработки исключения:
Traceback (most recent call last):
  File "C:\Users\User\Desktop\Lab_1\triangle.py", line 32, in classify_triangle
    a = float(a_str)
ValueError: could not convert string to float: 'abc'
2026-09-17 00:56:56 | [INFO   ] | Запрос: A=5, B=7, C=12
2026-09-17 00:56:56 | [DEBUG  ] | Числа получены: a=5.0, b=7.0, c=12.0
2026-09-17 00:56:56 | [WARNING] | Неравенство треугольника не выполняется
2026-09-17 00:57:29 | [INFO   ] | Запрос: A=3, B=4, C=5
2026-09-17 00:57:29 | [DEBUG  ] | Числа получены: a=3.0, b=4.0, c=5.0
2026-09-17 00:57:29 | [DEBUG  ] | Координаты вершин: [(0, 0), (100, 0), (64, 48)]
2026-09-17 00:57:29 | [INFO   ] | Результат: разносторонний, вершины [(0, 0), (100, 0), (64, 48)]
2026-09-17 00:57:38 | [INFO   ] | Запрос: A=3, B=3, C=3
2026-09-17 00:57:38 | [DEBUG  ] | Числа получены: a=3.0, b=3.0, c=3.0
2026-09-17 00:57:38 | [DEBUG  ] | Координаты вершин: [(0, 0), (100, 0), (50, 87)]
2026-09-17 00:57:38 | [INFO   ] | Результат: равносторонний, вершины [(0, 0), (100, 0), (50, 87)]
